2026-05-10 20:02:48.404 INFO  (main) [   ] o.e.j.u.log Logging initialized @938ms to org.eclipse.jetty.util.log.Slf4jLog
2026-05-10 20:02:48.629 INFO  (main) [   ] o.e.j.s.Server jetty-9.4.44.v20210927; built: 2021-09-27T23:02:44.612Z; git: 8da83308eeca865e495e53ef315a249d63ba9332; jvm 21.0.11-ea+9-Debian-1
2026-05-10 20:02:48.676 INFO  (main) [   ] o.e.j.d.p.ScanningAppProvider Deployment monitor [file:///opt/autopsy/autopsy/solr/server/contexts/] at interval 0
2026-05-10 20:02:48.914 INFO  (main) [   ] o.e.j.w.StandardDescriptorProcessor NO JSP Support for /solr, did not find org.apache.jasper.servlet.JspServlet
2026-05-10 20:02:48.923 INFO  (main) [   ] o.e.j.s.session DefaultSessionIdManager workerName=node0
2026-05-10 20:02:48.923 INFO  (main) [   ] o.e.j.s.session No SessionScavenger set, using defaults
2026-05-10 20:02:48.924 INFO  (main) [   ] o.e.j.s.session node0 Scavenging every 600000ms
2026-05-10 20:02:48.955 INFO  (main) [   ] o.a.s.s.SolrDispatchFilter Using logger factory org.apache.logging.slf4j.Log4jLoggerFactory
2026-05-10 20:02:48.957 INFO  (main) [   ] o.a.s.s.SolrDispatchFilter  ___      _       Welcome to Apache Solr™ version 8.11.1
2026-05-10 20:02:48.958 INFO  (main) [   ] o.a.s.s.SolrDispatchFilter / __| ___| |_ _   Starting in standalone mode on port 23232
2026-05-10 20:02:48.958 INFO  (main) [   ] o.a.s.s.SolrDispatchFilter \__ \/ _ \ | '_|  Install dir: /opt/autopsy/autopsy/solr
2026-05-10 20:02:48.958 INFO  (main) [   ] o.a.s.s.SolrDispatchFilter |___/\___/_|_|    Start time: 2026-05-10T20:02:48.958363347Z
2026-05-10 20:02:48.966 INFO  (main) [   ] o.a.s.c.SolrPaths Using system property solr.solr.home: /home/lupo/.autopsy/dev/solr
2026-05-10 20:02:48.966 INFO  (main) [   ] o.a.s.c.SolrXmlConfig Loading container configuration from /home/lupo/.autopsy/dev/solr/solr.xml
2026-05-10 20:02:49.033 INFO  (main) [   ] o.a.s.c.SolrXmlConfig MBean server found: com.sun.jmx.mbeanserver.JmxMBeanServer@71075444, but no JMX reporters were configured - adding default JMX reporter.
2026-05-10 20:02:49.559 INFO  (main) [   ] o.a.s.c.CoreContainer Allowing use of paths: [_ALL_]
2026-05-10 20:02:49.594 INFO  (main) [   ] o.a.s.h.c.HttpShardHandlerFactory Host whitelist initialized: WhitelistHostChecker [whitelistHosts=null, whitelistHostCheckingEnabled=true]
2026-05-10 20:02:49.718 WARN  (main) [   ] o.e.j.u.s.S.config Trusting all certificates configured for Client@5e048149[provider=null,keyStore=null,trustStore=null]
2026-05-10 20:02:49.718 WARN  (main) [   ] o.e.j.u.s.S.config No Client EndPointIdentificationAlgorithm configured for Client@5e048149[provider=null,keyStore=null,trustStore=null]
2026-05-10 20:02:49.859 WARN  (main) [   ] o.e.j.u.s.S.config Trusting all certificates configured for Client@5bc28f40[provider=null,keyStore=null,trustStore=null]
2026-05-10 20:02:49.860 WARN  (main) [   ] o.e.j.u.s.S.config No Client EndPointIdentificationAlgorithm configured for Client@5bc28f40[provider=null,keyStore=null,trustStore=null]
2026-05-10 20:02:49.928 WARN  (main) [   ] o.a.s.c.CoreContainer Not all security plugins configured!  authentication=disabled authorization=disabled.  Solr is only as secure as you make it. Consider configuring authentication/authorization before exposing Solr to users internal or external.  See https://s.apache.org/solrsecurity for more info
2026-05-10 20:02:50.096 INFO  (main) [   ] o.a.s.c.TransientSolrCoreCacheDefault Allocating transient core cache for max 2147483647 cores with initial capacity of 1024
2026-05-10 20:02:50.106 INFO  (main) [   ] o.a.s.h.a.MetricsHistoryHandler No .system collection, keeping metrics history in memory.
2026-05-10 20:02:50.167 INFO  (main) [   ] o.a.s.m.r.SolrJmxReporter JMX monitoring for 'solr.node' (registry 'solr.node') enabled at server: com.sun.jmx.mbeanserver.JmxMBeanServer@71075444
2026-05-10 20:02:50.168 INFO  (main) [   ] o.a.s.m.r.SolrJmxReporter JMX monitoring for 'solr.jvm' (registry 'solr.jvm') enabled at server: com.sun.jmx.mbeanserver.JmxMBeanServer@71075444
2026-05-10 20:02:50.173 INFO  (main) [   ] o.a.s.m.r.SolrJmxReporter JMX monitoring for 'solr.jetty' (registry 'solr.jetty') enabled at server: com.sun.jmx.mbeanserver.JmxMBeanServer@71075444
2026-05-10 20:02:50.195 INFO  (main) [   ] o.a.s.c.CorePropertiesLocator Found 0 core definitions underneath /home/lupo/.autopsy/dev/solr
2026-05-10 20:02:50.243 INFO  (main) [   ] o.e.j.s.h.ContextHandler Started o.e.j.w.WebAppContext@4e76dac{/solr,file:///opt/autopsy/autopsy/solr/server/solr-webapp/webapp/,AVAILABLE}{/opt/autopsy/autopsy/solr/server/solr-webapp/webapp}
2026-05-10 20:02:50.250 INFO  (main) [   ] o.e.j.s.AbstractConnector Started ServerConnector@52de51b6{HTTP/1.1, (http/1.1, h2c)}{0.0.0.0:23232}
2026-05-10 20:02:50.250 INFO  (main) [   ] o.e.j.s.Server Started @2785ms
2026-05-10 20:02:52.496 INFO  (qtp315805187-42) [   ] o.a.s.s.HttpSolrCall [admin] webapp=null path=/admin/cores params={action=STATUS&indexInfo=true&wt=xml&version=2.2} status=0 QTime=19
2026-05-10 20:03:21.784 INFO  (ShutdownMonitor) [   ] o.e.j.s.AbstractConnector Stopped ServerConnector@52de51b6{HTTP/1.1, (http/1.1, h2c)}{0.0.0.0:23232}
2026-05-10 20:03:21.784 INFO  (ShutdownMonitor) [   ] o.e.j.s.session node0 Stopped scavenging
2026-05-10 20:03:21.788 INFO  (ShutdownMonitor) [   ] o.a.s.c.CoreContainer Shutting down CoreContainer instance=523794808
2026-05-10 20:03:21.791 INFO  (ShutdownMonitor) [   ] o.a.s.m.SolrMetricManager Closing metric reporters for registry=solr.node tag=null
2026-05-10 20:03:21.792 INFO  (ShutdownMonitor) [   ] o.a.s.m.r.SolrJmxReporter Closing reporter [org.apache.solr.metrics.reporters.SolrJmxReporter@16a35bd: rootName = null, domain = solr.node, service url = null, agent id = null] for registry solr.node/com.codahale.metrics.MetricRegistry@3f8970e7
2026-05-10 20:03:21.796 INFO  (ShutdownMonitor) [   ] o.a.s.m.SolrMetricManager Closing metric reporters for registry=solr.jvm tag=null
2026-05-10 20:03:21.796 INFO  (ShutdownMonitor) [   ] o.a.s.m.r.SolrJmxReporter Closing reporter [org.apache.solr.metrics.reporters.SolrJmxReporter@67507df: rootName = null, domain = solr.jvm, service url = null, agent id = null] for registry solr.jvm/com.codahale.metrics.MetricRegistry@cbf5112
2026-05-10 20:03:21.799 INFO  (ShutdownMonitor) [   ] o.a.s.m.SolrMetricManager Closing metric reporters for registry=solr.jetty tag=null
2026-05-10 20:03:21.799 INFO  (ShutdownMonitor) [   ] o.a.s.m.r.SolrJmxReporter Closing reporter [org.apache.solr.metrics.reporters.SolrJmxReporter@341b13a8: rootName = null, domain = solr.jetty, service url = null, agent id = null] for registry solr.jetty/com.codahale.metrics.MetricRegistry@5d27702d
2026-05-10 20:03:21.811 INFO  (ShutdownMonitor) [   ] o.e.j.s.h.ContextHandler Stopped o.e.j.w.WebAppContext@4e76dac{/solr,null,STOPPED}{/opt/autopsy/autopsy/solr/server/solr-webapp/webapp}
